// Jest Snapshot v1, https://goo.gl/fbAQLP

exports[`<Arrow /> should be matched with the snapshot 1`] = `
<button
  className="arrow previous"
  onClick={
    [MockFunction] {
      "calls": Array [
        Array [],
      ],
      "results": Array [
        Object {
          "isThrow": false,
          "value": undefined,
        },
      ],
    }
  }
/>
`;
