// Jest Snapshot v1, https://goo.gl/fbAQLP

exports[`<MonthCalendar /> should be matched with the snapshot 1`] = `
<section
  className="month-calendar"
>
  <CalendarDay
    currentDate={"2018-10-13T15:00:00.000Z"}
    dateObj={
      Object {
        "date": 30,
        "moment": "2018-09-29T15:00:00.000Z",
        "month": 9,
        "year": 2018,
      }
    }
    day="일"
    key="0"
    onDrop={
      [MockFunction] {
        "calls": Array [
          Array [],
        ],
        "results": Array [
          Object {
            "isThrow": false,
            "value": undefined,
          },
        ],
      }
    }
    onToggle={[MockFunction]}
  />
  <CalendarDay
    currentDate={"2018-10-13T15:00:00.000Z"}
    dateObj={
      Object {
        "date": 1,
        "moment": "2018-09-30T15:00:00.000Z",
        "month": 10,
        "year": 2018,
      }
    }
    day="월"
    key="1"
    onDrop={
      [MockFunction] {
        "calls": Array [
          Array [],
        ],
        "results": Array [
          Object {
            "isThrow": false,
            "value": undefined,
          },
        ],
      }
    }
    onToggle={[MockFunction]}
  />
  <CalendarDay
    currentDate={"2018-10-13T15:00:00.000Z"}
    dateObj={
      Object {
        "date": 2,
        "moment": "2018-10-01T15:00:00.000Z",
        "month": 10,
        "year": 2018,
      }
    }
    day="화"
    key="2"
    onDrop={
      [MockFunction] {
        "calls": Array [
          Array [],
        ],
        "results": Array [
          Object {
            "isThrow": false,
            "value": undefined,
          },
        ],
      }
    }
    onToggle={[MockFunction]}
  />
  <CalendarDay
    currentDate={"2018-10-13T15:00:00.000Z"}
    dateObj={
      Object {
        "date": 3,
        "moment": "2018-10-02T15:00:00.000Z",
        "month": 10,
        "year": 2018,
      }
    }
    day="수"
    key="3"
    onDrop={
      [MockFunction] {
        "calls": Array [
          Array [],
        ],
        "results": Array [
          Object {
            "isThrow": false,
            "value": undefined,
          },
        ],
      }
    }
    onToggle={[MockFunction]}
  />
  <CalendarDay
    currentDate={"2018-10-13T15:00:00.000Z"}
    dateObj={
      Object {
        "date": 4,
        "moment": "2018-10-03T15:00:00.000Z",
        "month": 10,
        "year": 2018,
      }
    }
    day="목"
    key="4"
    onDrop={
      [MockFunction] {
        "calls": Array [
          Array [],
        ],
        "results": Array [
          Object {
            "isThrow": false,
            "value": undefined,
          },
        ],
      }
    }
    onToggle={[MockFunction]}
  />
  <CalendarDay
    currentDate={"2018-10-13T15:00:00.000Z"}
    dateObj={
      Object {
        "date": 5,
        "moment": "2018-10-04T15:00:00.000Z",
        "month": 10,
        "year": 2018,
      }
    }
    day="금"
    key="5"
    onDrop={
      [MockFunction] {
        "calls": Array [
          Array [],
        ],
        "results": Array [
          Object {
            "isThrow": false,
            "value": undefined,
          },
        ],
      }
    }
    onToggle={[MockFunction]}
  />
  <CalendarDay
    currentDate={"2018-10-13T15:00:00.000Z"}
    dateObj={
      Object {
        "date": 6,
        "moment": "2018-10-05T15:00:00.000Z",
        "month": 10,
        "year": 2018,
      }
    }
    day="토"
    key="6"
    onDrop={
      [MockFunction] {
        "calls": Array [
          Array [],
        ],
        "results": Array [
          Object {
            "isThrow": false,
            "value": undefined,
          },
        ],
      }
    }
    onToggle={[MockFunction]}
  />
  <CalendarDay
    currentDate={"2018-10-13T15:00:00.000Z"}
    dateObj={
      Object {
        "date": 7,
        "moment": "2018-10-06T15:00:00.000Z",
        "month": 10,
        "year": 2018,
      }
    }
    day=""
    key="7"
    onDrop={
      [MockFunction] {
        "calls": Array [
          Array [],
        ],
        "results": Array [
          Object {
            "isThrow": false,
            "value": undefined,
          },
        ],
      }
    }
    onToggle={[MockFunction]}
  />
  <CalendarDay
    currentDate={"2018-10-13T15:00:00.000Z"}
    dateObj={
      Object {
        "date": 8,
        "moment": "2018-10-07T15:00:00.000Z",
        "month": 10,
        "year": 2018,
      }
    }
    day=""
    key="8"
    onDrop={
      [MockFunction] {
        "calls": Array [
          Array [],
        ],
        "results": Array [
          Object {
            "isThrow": false,
            "value": undefined,
          },
        ],
      }
    }
    onToggle={[MockFunction]}
  />
  <CalendarDay
    currentDate={"2018-10-13T15:00:00.000Z"}
    dateObj={
      Object {
        "date": 9,
        "moment": "2018-10-08T15:00:00.000Z",
        "month": 10,
        "year": 2018,
      }
    }
    day=""
    key="9"
    onDrop={
      [MockFunction] {
        "calls": Array [
          Array [],
        ],
        "results": Array [
          Object {
            "isThrow": false,
            "value": undefined,
          },
        ],
      }
    }
    onToggle={[MockFunction]}
  />
  <CalendarDay
    currentDate={"2018-10-13T15:00:00.000Z"}
    dateObj={
      Object {
        "date": 10,
        "moment": "2018-10-09T15:00:00.000Z",
        "month": 10,
        "year": 2018,
      }
    }
    day=""
    key="10"
    onDrop={
      [MockFunction] {
        "calls": Array [
          Array [],
        ],
        "results": Array [
          Object {
            "isThrow": false,
            "value": undefined,
          },
        ],
      }
    }
    onToggle={[MockFunction]}
  />
  <CalendarDay
    currentDate={"2018-10-13T15:00:00.000Z"}
    dateObj={
      Object {
        "date": 11,
        "moment": "2018-10-10T15:00:00.000Z",
        "month": 10,
        "year": 2018,
      }
    }
    day=""
    key="11"
    onDrop={
      [MockFunction] {
        "calls": Array [
          Array [],
        ],
        "results": Array [
          Object {
            "isThrow": false,
            "value": undefined,
          },
        ],
      }
    }
    onToggle={[MockFunction]}
  />
  <CalendarDay
    currentDate={"2018-10-13T15:00:00.000Z"}
    dateObj={
      Object {
        "date": 12,
        "moment": "2018-10-11T15:00:00.000Z",
        "month": 10,
        "year": 2018,
      }
    }
    day=""
    key="12"
    onDrop={
      [MockFunction] {
        "calls": Array [
          Array [],
        ],
        "results": Array [
          Object {
            "isThrow": false,
            "value": undefined,
          },
        ],
      }
    }
    onToggle={[MockFunction]}
  />
  <CalendarDay
    currentDate={"2018-10-13T15:00:00.000Z"}
    dateObj={
      Object {
        "date": 13,
        "moment": "2018-10-12T15:00:00.000Z",
        "month": 10,
        "year": 2018,
      }
    }
    day=""
    key="13"
    onDrop={
      [MockFunction] {
        "calls": Array [
          Array [],
        ],
        "results": Array [
          Object {
            "isThrow": false,
            "value": undefined,
          },
        ],
      }
    }
    onToggle={[MockFunction]}
  />
  <CalendarDay
    currentDate={"2018-10-13T15:00:00.000Z"}
    dateObj={
      Object {
        "date": 14,
        "moment": "2018-10-13T15:00:00.000Z",
        "month": 10,
        "year": 2018,
      }
    }
    day=""
    key="14"
    onDrop={
      [MockFunction] {
        "calls": Array [
          Array [],
        ],
        "results": Array [
          Object {
            "isThrow": false,
            "value": undefined,
          },
        ],
      }
    }
    onToggle={[MockFunction]}
  >
    <EventBlock
      className="primary"
      fluid={false}
      key="0"
      onDragStart={[Function]}
      onToggle={[Function]}
    >
      ○ 
      00:00 title
    </EventBlock>
  </CalendarDay>
  <CalendarDay
    currentDate={"2018-10-13T15:00:00.000Z"}
    dateObj={
      Object {
        "date": 15,
        "moment": "2018-10-14T15:00:00.000Z",
        "month": 10,
        "year": 2018,
      }
    }
    day=""
    key="15"
    onDrop={
      [MockFunction] {
        "calls": Array [
          Array [],
        ],
        "results": Array [
          Object {
            "isThrow": false,
            "value": undefined,
          },
        ],
      }
    }
    onToggle={[MockFunction]}
  />
  <CalendarDay
    currentDate={"2018-10-13T15:00:00.000Z"}
    dateObj={
      Object {
        "date": 16,
        "moment": "2018-10-15T15:00:00.000Z",
        "month": 10,
        "year": 2018,
      }
    }
    day=""
    key="16"
    onDrop={
      [MockFunction] {
        "calls": Array [
          Array [],
        ],
        "results": Array [
          Object {
            "isThrow": false,
            "value": undefined,
          },
        ],
      }
    }
    onToggle={[MockFunction]}
  />
  <CalendarDay
    currentDate={"2018-10-13T15:00:00.000Z"}
    dateObj={
      Object {
        "date": 17,
        "moment": "2018-10-16T15:00:00.000Z",
        "month": 10,
        "year": 2018,
      }
    }
    day=""
    key="17"
    onDrop={
      [MockFunction] {
        "calls": Array [
          Array [],
        ],
        "results": Array [
          Object {
            "isThrow": false,
            "value": undefined,
          },
        ],
      }
    }
    onToggle={[MockFunction]}
  />
  <CalendarDay
    currentDate={"2018-10-13T15:00:00.000Z"}
    dateObj={
      Object {
        "date": 18,
        "moment": "2018-10-17T15:00:00.000Z",
        "month": 10,
        "year": 2018,
      }
    }
    day=""
    key="18"
    onDrop={
      [MockFunction] {
        "calls": Array [
          Array [],
        ],
        "results": Array [
          Object {
            "isThrow": false,
            "value": undefined,
          },
        ],
      }
    }
    onToggle={[MockFunction]}
  />
  <CalendarDay
    currentDate={"2018-10-13T15:00:00.000Z"}
    dateObj={
      Object {
        "date": 19,
        "moment": "2018-10-18T15:00:00.000Z",
        "month": 10,
        "year": 2018,
      }
    }
    day=""
    key="19"
    onDrop={
      [MockFunction] {
        "calls": Array [
          Array [],
        ],
        "results": Array [
          Object {
            "isThrow": false,
            "value": undefined,
          },
        ],
      }
    }
    onToggle={[MockFunction]}
  />
  <CalendarDay
    currentDate={"2018-10-13T15:00:00.000Z"}
    dateObj={
      Object {
        "date": 20,
        "moment": "2018-10-19T15:00:00.000Z",
        "month": 10,
        "year": 2018,
      }
    }
    day=""
    key="20"
    onDrop={
      [MockFunction] {
        "calls": Array [
          Array [],
        ],
        "results": Array [
          Object {
            "isThrow": false,
            "value": undefined,
          },
        ],
      }
    }
    onToggle={[MockFunction]}
  />
  <CalendarDay
    currentDate={"2018-10-13T15:00:00.000Z"}
    dateObj={
      Object {
        "date": 21,
        "moment": "2018-10-20T15:00:00.000Z",
        "month": 10,
        "year": 2018,
      }
    }
    day=""
    key="21"
    onDrop={
      [MockFunction] {
        "calls": Array [
          Array [],
        ],
        "results": Array [
          Object {
            "isThrow": false,
            "value": undefined,
          },
        ],
      }
    }
    onToggle={[MockFunction]}
  />
  <CalendarDay
    currentDate={"2018-10-13T15:00:00.000Z"}
    dateObj={
      Object {
        "date": 22,
        "moment": "2018-10-21T15:00:00.000Z",
        "month": 10,
        "year": 2018,
      }
    }
    day=""
    key="22"
    onDrop={
      [MockFunction] {
        "calls": Array [
          Array [],
        ],
        "results": Array [
          Object {
            "isThrow": false,
            "value": undefined,
          },
        ],
      }
    }
    onToggle={[MockFunction]}
  />
  <CalendarDay
    currentDate={"2018-10-13T15:00:00.000Z"}
    dateObj={
      Object {
        "date": 23,
        "moment": "2018-10-22T15:00:00.000Z",
        "month": 10,
        "year": 2018,
      }
    }
    day=""
    key="23"
    onDrop={
      [MockFunction] {
        "calls": Array [
          Array [],
        ],
        "results": Array [
          Object {
            "isThrow": false,
            "value": undefined,
          },
        ],
      }
    }
    onToggle={[MockFunction]}
  />
  <CalendarDay
    currentDate={"2018-10-13T15:00:00.000Z"}
    dateObj={
      Object {
        "date": 24,
        "moment": "2018-10-23T15:00:00.000Z",
        "month": 10,
        "year": 2018,
      }
    }
    day=""
    key="24"
    onDrop={
      [MockFunction] {
        "calls": Array [
          Array [],
        ],
        "results": Array [
          Object {
            "isThrow": false,
            "value": undefined,
          },
        ],
      }
    }
    onToggle={[MockFunction]}
  />
  <CalendarDay
    currentDate={"2018-10-13T15:00:00.000Z"}
    dateObj={
      Object {
        "date": 25,
        "moment": "2018-10-24T15:00:00.000Z",
        "month": 10,
        "year": 2018,
      }
    }
    day=""
    key="25"
    onDrop={
      [MockFunction] {
        "calls": Array [
          Array [],
        ],
        "results": Array [
          Object {
            "isThrow": false,
            "value": undefined,
          },
        ],
      }
    }
    onToggle={[MockFunction]}
  />
  <CalendarDay
    currentDate={"2018-10-13T15:00:00.000Z"}
    dateObj={
      Object {
        "date": 26,
        "moment": "2018-10-25T15:00:00.000Z",
        "month": 10,
        "year": 2018,
      }
    }
    day=""
    key="26"
    onDrop={
      [MockFunction] {
        "calls": Array [
          Array [],
        ],
        "results": Array [
          Object {
            "isThrow": false,
            "value": undefined,
          },
        ],
      }
    }
    onToggle={[MockFunction]}
  />
  <CalendarDay
    currentDate={"2018-10-13T15:00:00.000Z"}
    dateObj={
      Object {
        "date": 27,
        "moment": "2018-10-26T15:00:00.000Z",
        "month": 10,
        "year": 2018,
      }
    }
    day=""
    key="27"
    onDrop={
      [MockFunction] {
        "calls": Array [
          Array [],
        ],
        "results": Array [
          Object {
            "isThrow": false,
            "value": undefined,
          },
        ],
      }
    }
    onToggle={[MockFunction]}
  />
  <CalendarDay
    currentDate={"2018-10-13T15:00:00.000Z"}
    dateObj={
      Object {
        "date": 28,
        "moment": "2018-10-27T15:00:00.000Z",
        "month": 10,
        "year": 2018,
      }
    }
    day=""
    key="28"
    onDrop={
      [MockFunction] {
        "calls": Array [
          Array [],
        ],
        "results": Array [
          Object {
            "isThrow": false,
            "value": undefined,
          },
        ],
      }
    }
    onToggle={[MockFunction]}
  />
  <CalendarDay
    currentDate={"2018-10-13T15:00:00.000Z"}
    dateObj={
      Object {
        "date": 29,
        "moment": "2018-10-28T15:00:00.000Z",
        "month": 10,
        "year": 2018,
      }
    }
    day=""
    key="29"
    onDrop={
      [MockFunction] {
        "calls": Array [
          Array [],
        ],
        "results": Array [
          Object {
            "isThrow": false,
            "value": undefined,
          },
        ],
      }
    }
    onToggle={[MockFunction]}
  />
  <CalendarDay
    currentDate={"2018-10-13T15:00:00.000Z"}
    dateObj={
      Object {
        "date": 30,
        "moment": "2018-10-29T15:00:00.000Z",
        "month": 10,
        "year": 2018,
      }
    }
    day=""
    key="30"
    onDrop={
      [MockFunction] {
        "calls": Array [
          Array [],
        ],
        "results": Array [
          Object {
            "isThrow": false,
            "value": undefined,
          },
        ],
      }
    }
    onToggle={[MockFunction]}
  />
  <CalendarDay
    currentDate={"2018-10-13T15:00:00.000Z"}
    dateObj={
      Object {
        "date": 31,
        "moment": "2018-10-30T15:00:00.000Z",
        "month": 10,
        "year": 2018,
      }
    }
    day=""
    key="31"
    onDrop={
      [MockFunction] {
        "calls": Array [
          Array [],
        ],
        "results": Array [
          Object {
            "isThrow": false,
            "value": undefined,
          },
        ],
      }
    }
    onToggle={[MockFunction]}
  />
  <CalendarDay
    currentDate={"2018-10-13T15:00:00.000Z"}
    dateObj={
      Object {
        "date": 1,
        "moment": "2018-10-31T15:00:00.000Z",
        "month": 11,
        "year": 2018,
      }
    }
    day=""
    key="32"
    onDrop={
      [MockFunction] {
        "calls": Array [
          Array [],
        ],
        "results": Array [
          Object {
            "isThrow": false,
            "value": undefined,
          },
        ],
      }
    }
    onToggle={[MockFunction]}
  />
  <CalendarDay
    currentDate={"2018-10-13T15:00:00.000Z"}
    dateObj={
      Object {
        "date": 2,
        "moment": "2018-11-01T15:00:00.000Z",
        "month": 11,
        "year": 2018,
      }
    }
    day=""
    key="33"
    onDrop={
      [MockFunction] {
        "calls": Array [
          Array [],
        ],
        "results": Array [
          Object {
            "isThrow": false,
            "value": undefined,
          },
        ],
      }
    }
    onToggle={[MockFunction]}
  />
  <CalendarDay
    currentDate={"2018-10-13T15:00:00.000Z"}
    dateObj={
      Object {
        "date": 3,
        "moment": "2018-11-02T15:00:00.000Z",
        "month": 11,
        "year": 2018,
      }
    }
    day=""
    key="34"
    onDrop={
      [MockFunction] {
        "calls": Array [
          Array [],
        ],
        "results": Array [
          Object {
            "isThrow": false,
            "value": undefined,
          },
        ],
      }
    }
    onToggle={[MockFunction]}
  />
</section>
`;
